Repository Initialized.
Sun Mar 29 08:31:53 UTC 2026 - Heartbeat: 26846
Mon Mar 30 09:03:17 UTC 2026 - Heartbeat: 9130
Tue Mar 31 08:46:20 UTC 2026 - Heartbeat: 1612
Wed Apr  1 08:54:26 UTC 2026 - Heartbeat: 23540
Thu Apr  2 08:44:50 UTC 2026 - Heartbeat: 27039
Fri Apr  3 08:42:00 UTC 2026 - Heartbeat: 29507
Sat Apr  4 08:30:27 UTC 2026 - Heartbeat: 7865
Sun Apr  5 08:33:24 UTC 2026 - Heartbeat: 26203
Mon Apr  6 09:00:54 UTC 2026 - Heartbeat: 24749
Tue Apr  7 08:52:46 UTC 2026 - Heartbeat: 12776
Wed Apr  8 08:52:16 UTC 2026 - Heartbeat: 13329
Thu Apr  9 09:02:12 UTC 2026 - Heartbeat: 24456
Fri Apr 10 08:59:25 UTC 2026 - Heartbeat: 28214
Sat Apr 11 08:32:21 UTC 2026 - Heartbeat: 13963
Sun Apr 12 08:37:28 UTC 2026 - Heartbeat: 7957
Mon Apr 13 09:27:37 UTC 2026 - Heartbeat: 25442
Tue Apr 14 09:09:13 UTC 2026 - Heartbeat: 29022
Wed Apr 15 09:10:07 UTC 2026 - Heartbeat: 13177
Thu Apr 16 09:09:07 UTC 2026 - Heartbeat: 20376
Fri Apr 17 09:08:24 UTC 2026 - Heartbeat: 23877
Sat Apr 18 08:37:59 UTC 2026 - Intensity Pulse: 4715
Sat Apr 18 08:37:59 UTC 2026 - Intensity Pulse: 13669
Sat Apr 18 08:37:59 UTC 2026 - Intensity Pulse: 12303
Sat Apr 18 08:37:59 UTC 2026 - Intensity Pulse: 20752
Sat Apr 18 08:37:59 UTC 2026 - Intensity Pulse: 17051
Sat Apr 18 08:37:59 UTC 2026 - Intensity Pulse: 11565
Sat Apr 18 08:37:59 UTC 2026 - Intensity Pulse: 26181
Sat Apr 18 08:37:59 UTC 2026 - Intensity Pulse: 20313
Sat Apr 18 08:37:59 UTC 2026 - Intensity Pulse: 514
Sat Apr 18 08:37:59 UTC 2026 - Intensity Pulse: 22094
Sun Apr 19 08:42:39 UTC 2026 - Intensity Pulse: 22345
Sun Apr 19 08:42:39 UTC 2026 - Intensity Pulse: 30351
Sun Apr 19 08:42:39 UTC 2026 - Intensity Pulse: 8524
Sun Apr 19 08:42:39 UTC 2026 - Intensity Pulse: 15475
Sun Apr 19 08:42:39 UTC 2026 - Intensity Pulse: 3212
Sun Apr 19 08:42:39 UTC 2026 - Intensity Pulse: 12927
Sun Apr 19 08:42:39 UTC 2026 - Intensity Pulse: 9337
Sun Apr 19 08:42:39 UTC 2026 - Intensity Pulse: 25166
Sun Apr 19 08:42:39 UTC 2026 - Intensity Pulse: 8637
Sun Apr 19 08:42:39 UTC 2026 - Intensity Pulse: 4727
Mon Apr 20 09:49:36 UTC 2026 - Intensity Pulse: 25595
Mon Apr 20 09:49:36 UTC 2026 - Intensity Pulse: 6809
Mon Apr 20 09:49:36 UTC 2026 - Intensity Pulse: 17119
Mon Apr 20 09:49:36 UTC 2026 - Intensity Pulse: 18762
Mon Apr 20 09:49:36 UTC 2026 - Intensity Pulse: 11159
Mon Apr 20 09:49:36 UTC 2026 - Intensity Pulse: 14815
Mon Apr 20 09:49:36 UTC 2026 - Intensity Pulse: 19332
Mon Apr 20 09:49:36 UTC 2026 - Intensity Pulse: 28185
Mon Apr 20 09:49:36 UTC 2026 - Intensity Pulse: 7274
Mon Apr 20 09:49:36 UTC 2026 - Intensity Pulse: 27009
Tue Apr 21 09:17:23 UTC 2026 - Intensity Pulse: 22133
Tue Apr 21 09:17:23 UTC 2026 - Intensity Pulse: 2035
Tue Apr 21 09:17:23 UTC 2026 - Intensity Pulse: 24123
Tue Apr 21 09:17:23 UTC 2026 - Intensity Pulse: 13461
Tue Apr 21 09:17:23 UTC 2026 - Intensity Pulse: 22194
Tue Apr 21 09:17:23 UTC 2026 - Intensity Pulse: 5807
Tue Apr 21 09:17:23 UTC 2026 - Intensity Pulse: 27076
Tue Apr 21 09:17:23 UTC 2026 - Intensity Pulse: 5361
Tue Apr 21 09:17:23 UTC 2026 - Intensity Pulse: 512
Tue Apr 21 09:17:23 UTC 2026 - Intensity Pulse: 12200
Wed Apr 22 09:11:56 UTC 2026 - Intensity Pulse: 6097
Wed Apr 22 09:11:56 UTC 2026 - Intensity Pulse: 27308
Wed Apr 22 09:11:56 UTC 2026 - Intensity Pulse: 30242
Wed Apr 22 09:11:56 UTC 2026 - Intensity Pulse: 9565
Wed Apr 22 09:11:56 UTC 2026 - Intensity Pulse: 10266
Wed Apr 22 09:11:56 UTC 2026 - Intensity Pulse: 3267
Wed Apr 22 09:11:56 UTC 2026 - Intensity Pulse: 31866
Wed Apr 22 09:11:56 UTC 2026 - Intensity Pulse: 30809
Wed Apr 22 09:11:56 UTC 2026 - Intensity Pulse: 17782
Wed Apr 22 09:11:56 UTC 2026 - Intensity Pulse: 8302
Thu Apr 23 09:18:20 UTC 2026 - Intensity Pulse: 21648
Thu Apr 23 09:18:20 UTC 2026 - Intensity Pulse: 8169
Thu Apr 23 09:18:20 UTC 2026 - Intensity Pulse: 30689
Thu Apr 23 09:18:20 UTC 2026 - Intensity Pulse: 23110
Thu Apr 23 09:18:20 UTC 2026 - Intensity Pulse: 15961
Thu Apr 23 09:18:20 UTC 2026 - Intensity Pulse: 2081
Thu Apr 23 09:18:20 UTC 2026 - Intensity Pulse: 18588
Thu Apr 23 09:18:20 UTC 2026 - Intensity Pulse: 25896
Thu Apr 23 09:18:20 UTC 2026 - Intensity Pulse: 21054
Thu Apr 23 09:18:20 UTC 2026 - Intensity Pulse: 3376
Fri Apr 24 09:22:33 UTC 2026 - Intensity Pulse: 17620
Fri Apr 24 09:22:33 UTC 2026 - Intensity Pulse: 1426
Fri Apr 24 09:22:33 UTC 2026 - Intensity Pulse: 16016
Fri Apr 24 09:22:33 UTC 2026 - Intensity Pulse: 10044
Fri Apr 24 09:22:33 UTC 2026 - Intensity Pulse: 6754
Fri Apr 24 09:22:33 UTC 2026 - Intensity Pulse: 28620
Fri Apr 24 09:22:33 UTC 2026 - Intensity Pulse: 20281
Fri Apr 24 09:22:33 UTC 2026 - Intensity Pulse: 19049
Fri Apr 24 09:22:33 UTC 2026 - Intensity Pulse: 28098
Fri Apr 24 09:22:33 UTC 2026 - Intensity Pulse: 11931
Sat Apr 25 08:41:56 UTC 2026 - Intensity Pulse: 2612
Sat Apr 25 08:41:56 UTC 2026 - Intensity Pulse: 30628
Sat Apr 25 08:41:56 UTC 2026 - Intensity Pulse: 11939
Sat Apr 25 08:41:56 UTC 2026 - Intensity Pulse: 24007
Sat Apr 25 08:41:56 UTC 2026 - Intensity Pulse: 8861
Sat Apr 25 08:41:56 UTC 2026 - Intensity Pulse: 28459
Sat Apr 25 08:41:56 UTC 2026 - Intensity Pulse: 22275
Sat Apr 25 08:41:56 UTC 2026 - Intensity Pulse: 10728
Sat Apr 25 08:41:56 UTC 2026 - Intensity Pulse: 3408
Sat Apr 25 08:41:56 UTC 2026 - Intensity Pulse: 6812
Sun Apr 26 08:49:52 UTC 2026 - Intensity Pulse: 16716
Sun Apr 26 08:49:52 UTC 2026 - Intensity Pulse: 10680
Sun Apr 26 08:49:52 UTC 2026 - Intensity Pulse: 12873
Sun Apr 26 08:49:52 UTC 2026 - Intensity Pulse: 20395
Sun Apr 26 08:49:52 UTC 2026 - Intensity Pulse: 10493
Sun Apr 26 08:49:52 UTC 2026 - Intensity Pulse: 2450
Sun Apr 26 08:49:52 UTC 2026 - Intensity Pulse: 11306
Sun Apr 26 08:49:52 UTC 2026 - Intensity Pulse: 12596
Sun Apr 26 08:49:52 UTC 2026 - Intensity Pulse: 5055
Sun Apr 26 08:49:52 UTC 2026 - Intensity Pulse: 17841
Mon Apr 27 10:06:32 UTC 2026 - Intensity Pulse: 16637
Mon Apr 27 10:06:32 UTC 2026 - Intensity Pulse: 12754
Mon Apr 27 10:06:32 UTC 2026 - Intensity Pulse: 21329
Mon Apr 27 10:06:32 UTC 2026 - Intensity Pulse: 14450
Mon Apr 27 10:06:32 UTC 2026 - Intensity Pulse: 29461
Mon Apr 27 10:06:32 UTC 2026 - Intensity Pulse: 12384
Mon Apr 27 10:06:32 UTC 2026 - Intensity Pulse: 9520
Mon Apr 27 10:06:32 UTC 2026 - Intensity Pulse: 17682
Mon Apr 27 10:06:32 UTC 2026 - Intensity Pulse: 8734
Mon Apr 27 10:06:32 UTC 2026 - Intensity Pulse: 18048
Tue Apr 28 10:06:18 UTC 2026 - Intensity Pulse: 16105
Tue Apr 28 10:06:18 UTC 2026 - Intensity Pulse: 32114
Tue Apr 28 10:06:18 UTC 2026 - Intensity Pulse: 20881
Tue Apr 28 10:06:18 UTC 2026 - Intensity Pulse: 20623
Tue Apr 28 10:06:18 UTC 2026 - Intensity Pulse: 7819
Tue Apr 28 10:06:18 UTC 2026 - Intensity Pulse: 15113
Tue Apr 28 10:06:18 UTC 2026 - Intensity Pulse: 14416
Tue Apr 28 10:06:18 UTC 2026 - Intensity Pulse: 23404
Tue Apr 28 10:06:18 UTC 2026 - Intensity Pulse: 29316
Tue Apr 28 10:06:18 UTC 2026 - Intensity Pulse: 11217
Wed Apr 29 09:57:22 UTC 2026 - Intensity Pulse: 31483
Wed Apr 29 09:57:22 UTC 2026 - Intensity Pulse: 26947
Wed Apr 29 09:57:22 UTC 2026 - Intensity Pulse: 28052
Wed Apr 29 09:57:22 UTC 2026 - Intensity Pulse: 10437
Wed Apr 29 09:57:22 UTC 2026 - Intensity Pulse: 22860
Wed Apr 29 09:57:22 UTC 2026 - Intensity Pulse: 10459
Wed Apr 29 09:57:22 UTC 2026 - Intensity Pulse: 22247
Wed Apr 29 09:57:22 UTC 2026 - Intensity Pulse: 4979
Wed Apr 29 09:57:22 UTC 2026 - Intensity Pulse: 5768
Wed Apr 29 09:57:22 UTC 2026 - Intensity Pulse: 29563
Thu Apr 30 09:58:15 UTC 2026 - Intensity Pulse: 9890
Thu Apr 30 09:58:15 UTC 2026 - Intensity Pulse: 12949
Thu Apr 30 09:58:15 UTC 2026 - Intensity Pulse: 19626
Thu Apr 30 09:58:15 UTC 2026 - Intensity Pulse: 2146
Thu Apr 30 09:58:15 UTC 2026 - Intensity Pulse: 7640
Thu Apr 30 09:58:15 UTC 2026 - Intensity Pulse: 14842
Thu Apr 30 09:58:15 UTC 2026 - Intensity Pulse: 2717
Thu Apr 30 09:58:16 UTC 2026 - Intensity Pulse: 8704
Thu Apr 30 09:58:16 UTC 2026 - Intensity Pulse: 23121
Thu Apr 30 09:58:16 UTC 2026 - Intensity Pulse: 11215
Fri May  1 09:22:17 UTC 2026 - Activity Log: 2284
Fri May  1 09:22:20 UTC 2026 - Activity Log: 16764
Fri May  1 09:22:20 UTC 2026 - Activity Log: 151
Fri May  1 09:22:24 UTC 2026 - Activity Log: 29401
Sat May  2 08:53:51 UTC 2026 - Activity Log: 92
Sat May  2 08:53:52 UTC 2026 - Activity Log: 12594
Sat May  2 08:53:55 UTC 2026 - Activity Log: 20884
Sat May  2 08:53:58 UTC 2026 - Activity Log: 27299
Sat May  2 08:54:02 UTC 2026 - Activity Log: 23007
Sat May  2 08:54:05 UTC 2026 - Activity Log: 26928
Sun May  3 09:08:18 UTC 2026 - Activity Log: 6313
Sun May  3 09:08:18 UTC 2026 - Activity Log: 18178
Sun May  3 09:08:20 UTC 2026 - Activity Log: 16952
Sun May  3 09:08:20 UTC 2026 - Activity Log: 30347
Sun May  3 09:08:24 UTC 2026 - Activity Log: 12796
Sun May  3 09:08:25 UTC 2026 - Activity Log: 18530
Mon May  4 10:01:40 UTC 2026 - Activity Log: 8367
Mon May  4 10:01:43 UTC 2026 - Activity Log: 26249
Mon May  4 10:01:43 UTC 2026 - Activity Log: 3082
Mon May  4 10:01:43 UTC 2026 - Activity Log: 27681
Mon May  4 10:01:47 UTC 2026 - Activity Log: 14081
Mon May  4 10:01:47 UTC 2026 - Activity Log: 26231
Mon May  4 10:01:48 UTC 2026 - Activity Log: 989
Mon May  4 10:01:50 UTC 2026 - Activity Log: 20864
Mon May  4 10:01:50 UTC 2026 - Activity Log: 9549
Tue May  5 09:32:18 UTC 2026 - Activity Log: 1744
Tue May  5 09:32:21 UTC 2026 - Activity Log: 20034
Tue May  5 09:32:25 UTC 2026 - Activity Log: 32546
Tue May  5 09:32:28 UTC 2026 - Activity Log: 13568
Tue May  5 09:32:30 UTC 2026 - Activity Log: 7362
Tue May  5 09:32:30 UTC 2026 - Activity Log: 4406
Tue May  5 09:32:30 UTC 2026 - Activity Log: 9819
Tue May  5 09:32:33 UTC 2026 - Activity Log: 21903
Tue May  5 09:32:34 UTC 2026 - Activity Log: 3100
Tue May  5 09:32:37 UTC 2026 - Activity Log: 350
Tue May  5 09:32:38 UTC 2026 - Activity Log: 11425
Tue May  5 09:32:41 UTC 2026 - Activity Log: 21796
Wed May  6 10:04:42 UTC 2026 - Activity Log: 26471
Wed May  6 10:04:42 UTC 2026 - Activity Log: 5299
Wed May  6 10:04:43 UTC 2026 - Activity Log: 18900
Wed May  6 10:04:46 UTC 2026 - Activity Log: 27502
Wed May  6 10:04:47 UTC 2026 - Activity Log: 17903
Wed May  6 10:04:49 UTC 2026 - Activity Log: 25848
Wed May  6 10:04:50 UTC 2026 - Activity Log: 710
Wed May  6 10:04:51 UTC 2026 - Activity Log: 27128
Wed May  6 10:04:53 UTC 2026 - Activity Log: 28233
Wed May  6 10:04:53 UTC 2026 - Activity Log: 19148
Wed May  6 10:04:56 UTC 2026 - Activity Log: 26945
Wed May  6 10:04:58 UTC 2026 - Activity Log: 3954
Fri May  8 09:00:57 UTC 2026 - Activity Log: 25414
Fri May  8 09:01:01 UTC 2026 - Activity Log: 31359
Fri May  8 09:01:05 UTC 2026 - Activity Log: 20048
Sat May  9 09:03:14 UTC 2026 - Activity Log: 19099
Sat May  9 09:03:17 UTC 2026 - Activity Log: 1866
Sat May  9 09:03:20 UTC 2026 - Activity Log: 7847
Sat May  9 09:03:24 UTC 2026 - Activity Log: 15861
Sat May  9 09:03:28 UTC 2026 - Activity Log: 10027
Sat May  9 09:03:31 UTC 2026 - Activity Log: 5105
Sat May  9 09:03:35 UTC 2026 - Activity Log: 24019
Sat May  9 09:03:39 UTC 2026 - Activity Log: 1899
Sun May 10 09:16:54 UTC 2026 - Activity Log: 15033
Sun May 10 09:16:56 UTC 2026 - Activity Log: 14144
Sun May 10 09:16:59 UTC 2026 - Activity Log: 9862
Sun May 10 09:17:00 UTC 2026 - Activity Log: 25205
Sun May 10 09:17:03 UTC 2026 - Activity Log: 30739
Sun May 10 09:17:07 UTC 2026 - Activity Log: 22611
Sun May 10 09:17:11 UTC 2026 - Activity Log: 9328
Sun May 10 09:17:11 UTC 2026 - Activity Log: 23978
Sun May 10 09:17:15 UTC 2026 - Activity Log: 12250
Mon May 11 10:49:04 UTC 2026 - Activity Log: 14302
Mon May 11 10:49:04 UTC 2026 - Activity Log: 31941
Mon May 11 10:49:04 UTC 2026 - Activity Log: 25906
Mon May 11 10:49:07 UTC 2026 - Activity Log: 19664
Mon May 11 10:49:07 UTC 2026 - Activity Log: 5270
Tue May 12 10:16:16 UTC 2026 - Activity Log: 23396
Tue May 12 10:16:17 UTC 2026 - Activity Log: 4645
Tue May 12 10:16:17 UTC 2026 - Activity Log: 20627
Tue May 12 10:16:21 UTC 2026 - Activity Log: 27154
Tue May 12 10:16:25 UTC 2026 - Activity Log: 18349
Tue May 12 10:16:25 UTC 2026 - Activity Log: 13168
Tue May 12 10:16:29 UTC 2026 - Activity Log: 25848
Tue May 12 10:16:29 UTC 2026 - Activity Log: 19545
Tue May 12 10:16:29 UTC 2026 - Activity Log: 1253
Wed May 13 10:08:52 UTC 2026 - Activity Log: 25886
Wed May 13 10:08:56 UTC 2026 - Activity Log: 26377
Wed May 13 10:09:00 UTC 2026 - Activity Log: 3859
Wed May 13 10:09:02 UTC 2026 - Activity Log: 16336
Wed May 13 10:09:02 UTC 2026 - Activity Log: 22663
Wed May 13 10:09:05 UTC 2026 - Activity Log: 16045
Wed May 13 10:09:07 UTC 2026 - Activity Log: 1425
Sat May 16 09:16:14 UTC 2026 - Activity Log: 28856
Sat May 16 09:16:16 UTC 2026 - Activity Log: 6805
Sat May 16 09:16:18 UTC 2026 - Activity Log: 22867
Sat May 16 09:16:18 UTC 2026 - Activity Log: 15488
Sat May 16 09:16:18 UTC 2026 - Activity Log: 14104
Sat May 16 09:16:19 UTC 2026 - Activity Log: 15813
Sat May 16 09:16:20 UTC 2026 - Activity Log: 15924
Sat May 16 09:16:23 UTC 2026 - Activity Log: 11652
Sat May 16 09:16:24 UTC 2026 - Activity Log: 21572
Sat May 16 09:16:25 UTC 2026 - Activity Log: 14909
Sun May 17 09:24:23 UTC 2026 - Activity Log: 19028
Sun May 17 09:24:23 UTC 2026 - Activity Log: 11169
Sun May 17 09:24:27 UTC 2026 - Activity Log: 11530
Sun May 17 09:24:27 UTC 2026 - Activity Log: 11331
Sun May 17 09:24:28 UTC 2026 - Activity Log: 27283
Sun May 17 09:24:31 UTC 2026 - Activity Log: 18699
Sun May 17 09:24:31 UTC 2026 - Activity Log: 5684
Sun May 17 09:24:32 UTC 2026 - Activity Log: 16165
Mon May 18 11:32:54 UTC 2026 - Activity Log: 29658
Mon May 18 11:32:54 UTC 2026 - Activity Log: 16068
Mon May 18 11:32:57 UTC 2026 - Activity Log: 2459
Mon May 18 11:32:59 UTC 2026 - Activity Log: 18364
Mon May 18 11:33:01 UTC 2026 - Activity Log: 11868
Mon May 18 11:33:01 UTC 2026 - Activity Log: 18687
Mon May 18 11:33:04 UTC 2026 - Activity Log: 21807
Mon May 18 11:33:06 UTC 2026 - Activity Log: 19131
Mon May 18 11:33:07 UTC 2026 - Activity Log: 13230
Mon May 18 11:33:11 UTC 2026 - Activity Log: 2013
Mon May 18 11:33:14 UTC 2026 - Activity Log: 16362
Mon May 18 11:33:14 UTC 2026 - Activity Log: 10979
Tue May 19 10:49:48 UTC 2026 - Activity Log: 28975
Tue May 19 10:49:50 UTC 2026 - Activity Log: 31302
Tue May 19 10:49:50 UTC 2026 - Activity Log: 7326
Tue May 19 10:49:52 UTC 2026 - Activity Log: 10770
Wed May 20 10:37:34 UTC 2026 - Activity Log: 8176
Thu May 21 10:54:44 UTC 2026 - Activity Log: 13301
Thu May 21 10:54:44 UTC 2026 - Activity Log: 11307
Thu May 21 10:54:47 UTC 2026 - Activity Log: 9851
Thu May 21 10:54:51 UTC 2026 - Activity Log: 2766
Thu May 21 10:54:55 UTC 2026 - Activity Log: 12532
Thu May 21 10:54:56 UTC 2026 - Activity Log: 12500
Fri May 22 10:36:47 UTC 2026 - Activity Log: 22263
Fri May 22 10:36:48 UTC 2026 - Activity Log: 30011
Fri May 22 10:36:48 UTC 2026 - Activity Log: 27069
Fri May 22 10:36:48 UTC 2026 - Activity Log: 455
Fri May 22 10:36:48 UTC 2026 - Activity Log: 22876
Fri May 22 10:36:49 UTC 2026 - Activity Log: 9822
Fri May 22 10:36:52 UTC 2026 - Activity Log: 27189
Sat May 23 09:27:26 UTC 2026 - Activity Log: 29579
Sat May 23 09:27:29 UTC 2026 - Activity Log: 14539
Sat May 23 09:27:32 UTC 2026 - Activity Log: 9683
Sat May 23 09:27:36 UTC 2026 - Activity Log: 6103
Sat May 23 09:27:38 UTC 2026 - Activity Log: 13072
Sat May 23 09:27:42 UTC 2026 - Activity Log: 23258
Mon May 25 11:39:00 UTC 2026 - Activity Log: 19486
Mon May 25 11:39:00 UTC 2026 - Activity Log: 15631
Mon May 25 11:39:00 UTC 2026 - Activity Log: 31795
Mon May 25 11:39:01 UTC 2026 - Activity Log: 31362
Mon May 25 11:39:05 UTC 2026 - Activity Log: 25037
Mon May 25 11:39:08 UTC 2026 - Activity Log: 18614
Mon May 25 11:39:11 UTC 2026 - Activity Log: 30400
Mon May 25 11:39:14 UTC 2026 - Activity Log: 26404
Mon May 25 11:39:17 UTC 2026 - Activity Log: 15530
Mon May 25 11:39:18 UTC 2026 - Activity Log: 10216
Mon May 25 11:39:19 UTC 2026 - Activity Log: 15559
Mon May 25 11:39:22 UTC 2026 - Activity Log: 24072
Wed May 27 11:23:51 UTC 2026 - Activity Log: 7200
Wed May 27 11:23:54 UTC 2026 - Activity Log: 6359
Wed May 27 11:23:54 UTC 2026 - Activity Log: 28099
Wed May 27 11:23:58 UTC 2026 - Activity Log: 2259
Wed May 27 11:24:00 UTC 2026 - Activity Log: 15170
Wed May 27 11:24:00 UTC 2026 - Activity Log: 23751
Wed May 27 11:24:03 UTC 2026 - Activity Log: 1445
Wed May 27 11:24:05 UTC 2026 - Activity Log: 15524
Wed May 27 11:24:05 UTC 2026 - Activity Log: 2797
Wed May 27 11:24:05 UTC 2026 - Activity Log: 22554
Wed May 27 11:24:07 UTC 2026 - Activity Log: 24463
Wed May 27 11:24:09 UTC 2026 - Activity Log: 10475
Thu May 28 11:24:40 UTC 2026 - Activity Log: 14285
Thu May 28 11:24:42 UTC 2026 - Activity Log: 23741
Thu May 28 11:24:45 UTC 2026 - Activity Log: 11509
Thu May 28 11:24:47 UTC 2026 - Activity Log: 26285
Thu May 28 11:24:48 UTC 2026 - Activity Log: 27022
Fri May 29 10:59:21 UTC 2026 - Activity Log: 5219
Fri May 29 10:59:23 UTC 2026 - Activity Log: 5143
Sun May 31 10:03:22 UTC 2026 - Activity Log: 24234
Sun May 31 10:03:25 UTC 2026 - Activity Log: 29567
Sun May 31 10:03:27 UTC 2026 - Activity Log: 332
Sun May 31 10:03:30 UTC 2026 - Activity Log: 30730
Mon Jun  1 13:19:35 UTC 2026 - Activity Log: 20822
Mon Jun  1 13:19:35 UTC 2026 - Activity Log: 17488
Mon Jun  1 13:19:36 UTC 2026 - Activity Log: 13512
Mon Jun  1 13:19:36 UTC 2026 - Activity Log: 19544
Mon Jun  1 13:19:40 UTC 2026 - Activity Log: 21414
Mon Jun  1 13:19:43 UTC 2026 - Activity Log: 24543
Mon Jun  1 13:19:47 UTC 2026 - Activity Log: 13430
Mon Jun  1 13:19:47 UTC 2026 - Activity Log: 4686
Mon Jun  1 13:19:49 UTC 2026 - Activity Log: 32760
Mon Jun  1 13:19:49 UTC 2026 - Activity Log: 6740
Thu Jun  4 10:50:37 UTC 2026 - Activity Log: 11132
Thu Jun  4 10:50:41 UTC 2026 - Activity Log: 9638
Thu Jun  4 10:50:45 UTC 2026 - Activity Log: 6046
Thu Jun  4 10:50:48 UTC 2026 - Activity Log: 22029
Thu Jun  4 10:50:49 UTC 2026 - Activity Log: 11828
Thu Jun  4 10:50:50 UTC 2026 - Activity Log: 10819
Thu Jun  4 10:50:54 UTC 2026 - Activity Log: 25754
Thu Jun  4 10:50:55 UTC 2026 - Activity Log: 3579
Thu Jun  4 10:50:56 UTC 2026 - Activity Log: 14511
Thu Jun  4 10:50:59 UTC 2026 - Activity Log: 23178
Fri Jun  5 11:00:07 UTC 2026 - Activity Log: 22217
Fri Jun  5 11:00:10 UTC 2026 - Activity Log: 3099
Fri Jun  5 11:00:13 UTC 2026 - Activity Log: 19637
Sat Jun  6 09:48:38 UTC 2026 - Activity Log: 29266
Sat Jun  6 09:48:40 UTC 2026 - Activity Log: 11947
Sat Jun  6 09:48:42 UTC 2026 - Activity Log: 17077
Sun Jun  7 10:16:42 UTC 2026 - Activity Log: 5169
Sun Jun  7 10:16:45 UTC 2026 - Activity Log: 17648
Sun Jun  7 10:16:48 UTC 2026 - Activity Log: 14626
Sun Jun  7 10:16:48 UTC 2026 - Activity Log: 27471
Mon Jun  8 12:17:02 UTC 2026 - Activity Log: 8809
Mon Jun  8 12:17:02 UTC 2026 - Activity Log: 23915
Mon Jun  8 12:17:05 UTC 2026 - Activity Log: 4461
Mon Jun  8 12:17:08 UTC 2026 - Activity Log: 10633
Mon Jun  8 12:17:10 UTC 2026 - Activity Log: 4741
Mon Jun  8 12:17:13 UTC 2026 - Activity Log: 31507
Mon Jun  8 12:17:16 UTC 2026 - Activity Log: 27431
Mon Jun  8 12:17:19 UTC 2026 - Activity Log: 10109
Mon Jun  8 12:17:22 UTC 2026 - Activity Log: 7798
Mon Jun  8 12:17:23 UTC 2026 - Activity Log: 22375
Mon Jun  8 12:17:26 UTC 2026 - Activity Log: 24649
Tue Jun  9 10:48:41 UTC 2026 - Activity Log: 27294
Tue Jun  9 10:48:44 UTC 2026 - Activity Log: 7823
Tue Jun  9 10:48:48 UTC 2026 - Activity Log: 17869
Tue Jun  9 10:48:50 UTC 2026 - Activity Log: 5718
Tue Jun  9 10:48:50 UTC 2026 - Activity Log: 30997
Wed Jun 10 11:25:57 UTC 2026 - Activity Log: 30749
Thu Jun 11 11:59:49 UTC 2026 - Activity Log: 5676
Thu Jun 11 11:59:52 UTC 2026 - Activity Log: 13024
Thu Jun 11 11:59:55 UTC 2026 - Activity Log: 30970
Thu Jun 11 11:59:56 UTC 2026 - Activity Log: 30251
Thu Jun 11 11:59:59 UTC 2026 - Activity Log: 4917
Thu Jun 11 12:00:00 UTC 2026 - Activity Log: 29826
Fri Jun 12 11:29:25 UTC 2026 - Activity Log: 5609
Fri Jun 12 11:29:27 UTC 2026 - Activity Log: 4813
Fri Jun 12 11:29:31 UTC 2026 - Activity Log: 18065
Fri Jun 12 11:29:31 UTC 2026 - Activity Log: 15186
Fri Jun 12 11:29:31 UTC 2026 - Activity Log: 11003
Fri Jun 12 11:29:32 UTC 2026 - Activity Log: 17754
Fri Jun 12 11:29:35 UTC 2026 - Activity Log: 28516
Sat Jun 13 10:16:55 UTC 2026 - Activity Log: 10084
Sat Jun 13 10:16:58 UTC 2026 - Activity Log: 14157
Sat Jun 13 10:17:02 UTC 2026 - Activity Log: 7975
Sat Jun 13 10:17:02 UTC 2026 - Activity Log: 22724
Sat Jun 13 10:17:02 UTC 2026 - Activity Log: 22968
Sat Jun 13 10:17:05 UTC 2026 - Activity Log: 20135
Sat Jun 13 10:17:09 UTC 2026 - Activity Log: 4135
Sat Jun 13 10:17:13 UTC 2026 - Activity Log: 30896
Sat Jun 13 10:17:17 UTC 2026 - Activity Log: 25080
Sat Jun 13 10:17:21 UTC 2026 - Activity Log: 29524
Sat Jun 13 10:17:22 UTC 2026 - Activity Log: 28682
Sat Jun 13 10:17:25 UTC 2026 - Activity Log: 2058
Sun Jun 14 10:39:48 UTC 2026 - Activity Log: 1383
Sun Jun 14 10:39:50 UTC 2026 - Activity Log: 31595
Sun Jun 14 10:39:53 UTC 2026 - Activity Log: 6239
Sun Jun 14 10:39:57 UTC 2026 - Activity Log: 25990
Sun Jun 14 10:40:02 UTC 2026 - Activity Log: 15932
Sun Jun 14 10:40:04 UTC 2026 - Activity Log: 3146
Sun Jun 14 10:40:06 UTC 2026 - Activity Log: 21519
Sun Jun 14 10:40:08 UTC 2026 - Activity Log: 7992
Sun Jun 14 10:40:12 UTC 2026 - Activity Log: 20436
Mon Jun 15 13:41:47 UTC 2026 - Activity Log: 6180
Mon Jun 15 13:41:51 UTC 2026 - Activity Log: 8992
Mon Jun 15 13:41:53 UTC 2026 - Activity Log: 12354
Mon Jun 15 13:41:53 UTC 2026 - Activity Log: 27550
Mon Jun 15 13:41:54 UTC 2026 - Activity Log: 22665
Mon Jun 15 13:41:58 UTC 2026 - Activity Log: 11380
Mon Jun 15 13:41:59 UTC 2026 - Activity Log: 30738
Mon Jun 15 13:42:03 UTC 2026 - Activity Log: 17919
Mon Jun 15 13:42:07 UTC 2026 - Activity Log: 25355
Tue Jun 16 12:32:24 UTC 2026 - Activity Log: 30749
Tue Jun 16 12:32:25 UTC 2026 - Activity Log: 19609
Tue Jun 16 12:32:29 UTC 2026 - Activity Log: 1811
Tue Jun 16 12:32:31 UTC 2026 - Activity Log: 28569
Tue Jun 16 12:32:34 UTC 2026 - Activity Log: 15590
Wed Jun 17 12:07:32 UTC 2026 - Activity Log: 13916
Wed Jun 17 12:07:34 UTC 2026 - Activity Log: 9612
Wed Jun 17 12:07:38 UTC 2026 - Activity Log: 5375
Wed Jun 17 12:07:38 UTC 2026 - Activity Log: 23719
Wed Jun 17 12:07:39 UTC 2026 - Activity Log: 22562
Wed Jun 17 12:07:41 UTC 2026 - Activity Log: 5970
Wed Jun 17 12:07:43 UTC 2026 - Activity Log: 19500
Wed Jun 17 12:07:45 UTC 2026 - Activity Log: 32664
Wed Jun 17 12:07:46 UTC 2026 - Activity Log: 15568
Wed Jun 17 12:07:46 UTC 2026 - Activity Log: 2828
Wed Jun 17 12:07:46 UTC 2026 - Activity Log: 31704
Wed Jun 17 12:07:48 UTC 2026 - Activity Log: 5423
Thu Jun 18 11:39:41 UTC 2026 - Activity Log: 29911
Thu Jun 18 11:39:43 UTC 2026 - Activity Log: 7024
Thu Jun 18 11:39:47 UTC 2026 - Activity Log: 18826
Thu Jun 18 11:39:49 UTC 2026 - Activity Log: 25002
Thu Jun 18 11:39:52 UTC 2026 - Activity Log: 14660
Thu Jun 18 11:39:54 UTC 2026 - Activity Log: 12086
Thu Jun 18 11:39:56 UTC 2026 - Activity Log: 27216
Sat Jun 20 10:21:50 UTC 2026 - Activity Log: 9895
Sat Jun 20 10:21:54 UTC 2026 - Activity Log: 12298
Sat Jun 20 10:21:54 UTC 2026 - Activity Log: 4179
Sat Jun 20 10:21:54 UTC 2026 - Activity Log: 7385
Sun Jun 21 10:55:37 UTC 2026 - Activity Log: 14579
Sun Jun 21 10:55:40 UTC 2026 - Activity Log: 28288
Sun Jun 21 10:55:42 UTC 2026 - Activity Log: 21787
Sun Jun 21 10:55:43 UTC 2026 - Activity Log: 11429
Sun Jun 21 10:55:44 UTC 2026 - Activity Log: 27187
Sun Jun 21 10:55:47 UTC 2026 - Activity Log: 32309
Sun Jun 21 10:55:51 UTC 2026 - Activity Log: 12608
Sun Jun 21 10:55:55 UTC 2026 - Activity Log: 26441
Sun Jun 21 10:55:59 UTC 2026 - Activity Log: 6857
Sun Jun 21 10:55:59 UTC 2026 - Activity Log: 30149
Mon Jun 22 13:19:14 UTC 2026 - Activity Log: 21450
Mon Jun 22 13:19:15 UTC 2026 - Activity Log: 29441
Mon Jun 22 13:19:15 UTC 2026 - Activity Log: 18620
Mon Jun 22 13:19:15 UTC 2026 - Activity Log: 28469
Tue Jun 23 10:49:42 UTC 2026 - Activity Log: 29790
Tue Jun 23 10:49:45 UTC 2026 - Activity Log: 29254
Tue Jun 23 10:49:46 UTC 2026 - Activity Log: 15505
Tue Jun 23 10:49:48 UTC 2026 - Activity Log: 24282
Tue Jun 23 10:49:51 UTC 2026 - Activity Log: 12960
Tue Jun 23 10:49:54 UTC 2026 - Activity Log: 22828
Tue Jun 23 10:49:57 UTC 2026 - Activity Log: 13178
Wed Jun 24 10:35:33 UTC 2026 - Activity Log: 22273
Wed Jun 24 10:35:37 UTC 2026 - Activity Log: 32441
Wed Jun 24 10:35:37 UTC 2026 - Activity Log: 8203
Wed Jun 24 10:35:41 UTC 2026 - Activity Log: 9991
Wed Jun 24 10:35:41 UTC 2026 - Activity Log: 31249
Thu Jun 25 10:29:17 UTC 2026 - Activity Log: 26799
Fri Jun 26 10:38:43 UTC 2026 - Activity Log: 27697
Fri Jun 26 10:38:46 UTC 2026 - Activity Log: 2786
Sat Jun 27 09:52:09 UTC 2026 - Activity Log: 2549
Sat Jun 27 09:52:10 UTC 2026 - Activity Log: 28152
Sat Jun 27 09:52:13 UTC 2026 - Activity Log: 28285
Sat Jun 27 09:52:16 UTC 2026 - Activity Log: 7419
Sat Jun 27 09:52:18 UTC 2026 - Activity Log: 25194
Sat Jun 27 09:52:19 UTC 2026 - Activity Log: 9601
Mon Jun 29 12:18:39 UTC 2026 - Activity Log: 13478
Mon Jun 29 12:18:42 UTC 2026 - Activity Log: 22079
Mon Jun 29 12:18:46 UTC 2026 - Activity Log: 2185
Mon Jun 29 12:18:50 UTC 2026 - Activity Log: 11195
Mon Jun 29 12:18:51 UTC 2026 - Activity Log: 11705
Tue Jun 30 10:44:35 UTC 2026 - Activity Log: 7977
Tue Jun 30 10:44:39 UTC 2026 - Activity Log: 29
Wed Jul  1 10:57:32 UTC 2026 - Activity Log: 8064
Wed Jul  1 10:57:32 UTC 2026 - Activity Log: 1769
Wed Jul  1 10:57:32 UTC 2026 - Activity Log: 14839
Wed Jul  1 10:57:32 UTC 2026 - Activity Log: 1799
Wed Jul  1 10:57:34 UTC 2026 - Activity Log: 4704
Wed Jul  1 10:57:34 UTC 2026 - Activity Log: 8145
Thu Jul  2 10:21:46 UTC 2026 - Activity Log: 14430
Thu Jul  2 10:21:47 UTC 2026 - Activity Log: 16148
Thu Jul  2 10:21:48 UTC 2026 - Activity Log: 24091
Thu Jul  2 10:21:49 UTC 2026 - Activity Log: 13362
Thu Jul  2 10:21:52 UTC 2026 - Activity Log: 31155
Thu Jul  2 10:21:54 UTC 2026 - Activity Log: 14777
Thu Jul  2 10:21:55 UTC 2026 - Activity Log: 4416
Thu Jul  2 10:21:55 UTC 2026 - Activity Log: 1360
